Total results: 126

--- Top 10 ---
  98% | All India | All Eligible | Atal Innovation Mission
  98% | All India | Student | INSPIRE Scholarship
  98% | All India | Student | SWAYAM
  97% | All India | Student | National Means-cum-Merit Scholarship (NMMS)
  95% | All India | Student | Udaan Project
  95% | All India | Student | DIKSHA Platform
  94% | All India | Student | Pragati Scholarship
  91% | All India | Student | PM-SHRI Schools
  91% | All India | Student | Kishore Vaigyanik Protsahan Yojana (KVPY)
  91% | All India | Student | PM e-VIDYA

--- Farmer occupation schemes (0) ---

--- Wrong state (0) ---